[2025-09-09 06:31:46] production.ERROR: Please provide a valid cache path. {"exception":"[object] (InvalidArgumentException(code: 0): Please provide a valid cache path. at /home/host1380688/zebra-target.ru/htdocs/www/vendor/laravel/framework/src/Illuminate/View/Compilers/Compiler.php:36)
[stacktrace]
#0 /home/host1380688/zebra-target.ru/htdocs/www/vendor/laravel/framework/src/Illuminate/View/ViewServiceProvider.php(91): Illuminate\\View\\Compilers\\Compiler->__construct(Object(Illuminate\\Filesystem\\Filesystem), false)
#1 /home/host1380688/zebra-target.ru/htdocs/www/vendor/laravel/framework/src/Illuminate/Container/Container.php(805): Illuminate\\View\\ViewServiceProvider->Illuminate\\View\\{closure}(Object(Illuminate\\Foundation\\Application), Array)
#2 /home/host1380688/zebra-target.ru/htdocs/www/vendor/laravel/framework/src/Illuminate/Container/Container.php(691): Illuminate\\Container\\Container->build(Object(Closure))
#3 /home/host1380688/zebra-target.ru/htdocs/www/vendor/laravel/framework/src/Illuminate/Foundation/Application.php(796): Illuminate\\Container\\Container->resolve('blade.compiler', Array, true)
#4 /home/host1380688/zebra-target.ru/htdocs/www/vendor/laravel/framework/src/Illuminate/Container/Container.php(637): Illuminate\\Foundation\\Application->resolve('blade.compiler', Array)
#5 /home/host1380688/zebra-target.ru/htdocs/www/vendor/laravel/framework/src/Illuminate/Foundation/Application.php(781): Illuminate\\Container\\Container->make('blade.compiler', Array)
#6 /home/host1380688/zebra-target.ru/htdocs/www/vendor/laravel/framework/src/Illuminate/Container/Container.php(1283): Illuminate\\Foundation\\Application->make('blade.compiler')
#7 /home/host1380688/zebra-target.ru/htdocs/www/vendor/laravel/framework/src/Illuminate/View/ViewServiceProvider.php(151): Illuminate\\Container\\Container->offsetGet('blade.compiler')
#8 [internal function]: Illuminate\\View\\ViewServiceProvider->Illuminate\\View\\{closure}()
#9 /home/host1380688/zebra-target.ru/htdocs/www/vendor/laravel/framework/src/Illuminate/View/Engines/EngineResolver.php(55): call_user_func(Object(Closure))
#10 /home/host1380688/zebra-target.ru/htdocs/www/vendor/facade/ignition/src/IgnitionServiceProvider.php(389): Illuminate\\View\\Engines\\EngineResolver->resolve('blade')
#11 /home/host1380688/zebra-target.ru/htdocs/www/vendor/facade/ignition/src/IgnitionServiceProvider.php(125): Facade\\Ignition\\IgnitionServiceProvider->hasCustomViewEnginesRegistered()
#12 /home/host1380688/zebra-target.ru/htdocs/www/vendor/facade/ignition/src/IgnitionServiceProvider.php(84): Facade\\Ignition\\IgnitionServiceProvider->registerViewEngines()
#13 /home/host1380688/zebra-target.ru/htdocs/www/vendor/laravel/framework/src/Illuminate/Container/BoundMethod.php(36): Facade\\Ignition\\IgnitionServiceProvider->boot()
#14 /home/host1380688/zebra-target.ru/htdocs/www/vendor/laravel/framework/src/Illuminate/Container/Util.php(37): Illuminate\\Container\\BoundMethod::Illuminate\\Container\\{closure}()
#15 /home/host1380688/zebra-target.ru/htdocs/www/vendor/laravel/framework/src/Illuminate/Container/BoundMethod.php(93): Illuminate\\Container\\Util::unwrapIfClosure(Object(Closure))
#16 /home/host1380688/zebra-target.ru/htdocs/www/vendor/laravel/framework/src/Illuminate/Container/BoundMethod.php(37): Illuminate\\Container\\BoundMethod::callBoundMethod(Object(Illuminate\\Foundation\\Application), Array, Object(Closure))
#17 /home/host1380688/zebra-target.ru/htdocs/www/vendor/laravel/framework/src/Illuminate/Container/Container.php(596): Illuminate\\Container\\BoundMethod::call(Object(Illuminate\\Foundation\\Application), Array, Array, NULL)
#18 /home/host1380688/zebra-target.ru/htdocs/www/vendor/laravel/framework/src/Illuminate/Foundation/Application.php(867): Illuminate\\Container\\Container->call(Array)
#19 /home/host1380688/zebra-target.ru/htdocs/www/vendor/laravel/framework/src/Illuminate/Foundation/Application.php(850): Illuminate\\Foundation\\Application->bootProvider(Object(Facade\\Ignition\\IgnitionServiceProvider))
#20 [internal function]: Illuminate\\Foundation\\Application->Illuminate\\Foundation\\{closure}(Object(Facade\\Ignition\\IgnitionServiceProvider), 14)
#21 /home/host1380688/zebra-target.ru/htdocs/www/vendor/laravel/framework/src/Illuminate/Foundation/Application.php(851): array_walk(Array, Object(Closure))
#22 /home/host1380688/zebra-target.ru/htdocs/www/vendor/laravel/framework/src/Illuminate/Foundation/Bootstrap/BootProviders.php(17): Illuminate\\Foundation\\Application->boot()
#23 /home/host1380688/zebra-target.ru/htdocs/www/vendor/laravel/framework/src/Illuminate/Foundation/Application.php(230): Illuminate\\Foundation\\Bootstrap\\BootProviders->bootstrap(Object(Illuminate\\Foundation\\Application))
#24 /home/host1380688/zebra-target.ru/htdocs/www/vendor/laravel/framework/src/Illuminate/Foundation/Console/Kernel.php(310): Illuminate\\Foundation\\Application->bootstrapWith(Array)
#25 /home/host1380688/zebra-target.ru/htdocs/www/vendor/laravel/framework/src/Illuminate/Foundation/Console/Kernel.php(127): Illuminate\\Foundation\\Console\\Kernel->bootstrap()
#26 /home/host1380688/zebra-target.ru/htdocs/www/artisan(37): Illuminate\\Foundation\\Console\\Kernel->handle(Object(Symfony\\Component\\Console\\Input\\ArgvInput), Object(Symfony\\Component\\Console\\Output\\ConsoleOutput))
#27 {main}
"} 
[2025-09-09 06:32:04] production.ERROR: Please provide a valid cache path. {"exception":"[object] (InvalidArgumentException(code: 0): Please provide a valid cache path. at /home/host1380688/zebra-target.ru/htdocs/www/vendor/laravel/framework/src/Illuminate/View/Compilers/Compiler.php:36)
[stacktrace]
#0 /home/host1380688/zebra-target.ru/htdocs/www/vendor/laravel/framework/src/Illuminate/View/ViewServiceProvider.php(91): Illuminate\\View\\Compilers\\Compiler->__construct(Object(Illuminate\\Filesystem\\Filesystem), false)
#1 /home/host1380688/zebra-target.ru/htdocs/www/vendor/laravel/framework/src/Illuminate/Container/Container.php(805): Illuminate\\View\\ViewServiceProvider->Illuminate\\View\\{closure}(Object(Illuminate\\Foundation\\Application), Array)
#2 /home/host1380688/zebra-target.ru/htdocs/www/vendor/laravel/framework/src/Illuminate/Container/Container.php(691): Illuminate\\Container\\Container->build(Object(Closure))
#3 /home/host1380688/zebra-target.ru/htdocs/www/vendor/laravel/framework/src/Illuminate/Foundation/Application.php(796): Illuminate\\Container\\Container->resolve('blade.compiler', Array, true)
#4 /home/host1380688/zebra-target.ru/htdocs/www/vendor/laravel/framework/src/Illuminate/Container/Container.php(637): Illuminate\\Foundation\\Application->resolve('blade.compiler', Array)
#5 /home/host1380688/zebra-target.ru/htdocs/www/vendor/laravel/framework/src/Illuminate/Foundation/Application.php(781): Illuminate\\Container\\Container->make('blade.compiler', Array)
#6 /home/host1380688/zebra-target.ru/htdocs/www/vendor/laravel/framework/src/Illuminate/Container/Container.php(1283): Illuminate\\Foundation\\Application->make('blade.compiler')
#7 /home/host1380688/zebra-target.ru/htdocs/www/vendor/laravel/framework/src/Illuminate/View/ViewServiceProvider.php(151): Illuminate\\Container\\Container->offsetGet('blade.compiler')
#8 [internal function]: Illuminate\\View\\ViewServiceProvider->Illuminate\\View\\{closure}()
#9 /home/host1380688/zebra-target.ru/htdocs/www/vendor/laravel/framework/src/Illuminate/View/Engines/EngineResolver.php(55): call_user_func(Object(Closure))
#10 /home/host1380688/zebra-target.ru/htdocs/www/vendor/facade/ignition/src/IgnitionServiceProvider.php(389): Illuminate\\View\\Engines\\EngineResolver->resolve('blade')
#11 /home/host1380688/zebra-target.ru/htdocs/www/vendor/facade/ignition/src/IgnitionServiceProvider.php(125): Facade\\Ignition\\IgnitionServiceProvider->hasCustomViewEnginesRegistered()
#12 /home/host1380688/zebra-target.ru/htdocs/www/vendor/facade/ignition/src/IgnitionServiceProvider.php(84): Facade\\Ignition\\IgnitionServiceProvider->registerViewEngines()
#13 /home/host1380688/zebra-target.ru/htdocs/www/vendor/laravel/framework/src/Illuminate/Container/BoundMethod.php(36): Facade\\Ignition\\IgnitionServiceProvider->boot()
#14 /home/host1380688/zebra-target.ru/htdocs/www/vendor/laravel/framework/src/Illuminate/Container/Util.php(37): Illuminate\\Container\\BoundMethod::Illuminate\\Container\\{closure}()
#15 /home/host1380688/zebra-target.ru/htdocs/www/vendor/laravel/framework/src/Illuminate/Container/BoundMethod.php(93): Illuminate\\Container\\Util::unwrapIfClosure(Object(Closure))
#16 /home/host1380688/zebra-target.ru/htdocs/www/vendor/laravel/framework/src/Illuminate/Container/BoundMethod.php(37): Illuminate\\Container\\BoundMethod::callBoundMethod(Object(Illuminate\\Foundation\\Application), Array, Object(Closure))
#17 /home/host1380688/zebra-target.ru/htdocs/www/vendor/laravel/framework/src/Illuminate/Container/Container.php(596): Illuminate\\Container\\BoundMethod::call(Object(Illuminate\\Foundation\\Application), Array, Array, NULL)
#18 /home/host1380688/zebra-target.ru/htdocs/www/vendor/laravel/framework/src/Illuminate/Foundation/Application.php(867): Illuminate\\Container\\Container->call(Array)
#19 /home/host1380688/zebra-target.ru/htdocs/www/vendor/laravel/framework/src/Illuminate/Foundation/Application.php(850): Illuminate\\Foundation\\Application->bootProvider(Object(Facade\\Ignition\\IgnitionServiceProvider))
#20 [internal function]: Illuminate\\Foundation\\Application->Illuminate\\Foundation\\{closure}(Object(Facade\\Ignition\\IgnitionServiceProvider), 14)
#21 /home/host1380688/zebra-target.ru/htdocs/www/vendor/laravel/framework/src/Illuminate/Foundation/Application.php(851): array_walk(Array, Object(Closure))
#22 /home/host1380688/zebra-target.ru/htdocs/www/vendor/laravel/framework/src/Illuminate/Foundation/Bootstrap/BootProviders.php(17): Illuminate\\Foundation\\Application->boot()
#23 /home/host1380688/zebra-target.ru/htdocs/www/vendor/laravel/framework/src/Illuminate/Foundation/Application.php(230): Illuminate\\Foundation\\Bootstrap\\BootProviders->bootstrap(Object(Illuminate\\Foundation\\Application))
#24 /home/host1380688/zebra-target.ru/htdocs/www/vendor/laravel/framework/src/Illuminate/Foundation/Console/Kernel.php(310): Illuminate\\Foundation\\Application->bootstrapWith(Array)
#25 /home/host1380688/zebra-target.ru/htdocs/www/vendor/laravel/framework/src/Illuminate/Foundation/Console/Kernel.php(127): Illuminate\\Foundation\\Console\\Kernel->bootstrap()
#26 /home/host1380688/zebra-target.ru/htdocs/www/artisan(37): Illuminate\\Foundation\\Console\\Kernel->handle(Object(Symfony\\Component\\Console\\Input\\ArgvInput), Object(Symfony\\Component\\Console\\Output\\ConsoleOutput))
#27 {main}
"} 
[2025-09-09 11:34:00] production.ERROR: No application encryption key has been specified. {"exception":"[object] (RuntimeException(code: 0): No application encryption key has been specified. at /home/host1380688/zebra-target.ru/htdocs/www/vendor/laravel/framework/src/Illuminate/Encryption/EncryptionServiceProvider.php:80)
[stacktrace]
#0 /home/host1380688/zebra-target.ru/htdocs/www/vendor/laravel/framework/src/Illuminate/Support/helpers.php(433): Illuminate\\Encryption\\EncryptionServiceProvider->Illuminate\\Encryption\\{closure}(NULL)
#1 /home/host1380688/zebra-target.ru/htdocs/www/vendor/laravel/framework/src/Illuminate/Encryption/EncryptionServiceProvider.php(84): tap(NULL, Object(Closure))
#2 /home/host1380688/zebra-target.ru/htdocs/www/vendor/laravel/framework/src/Illuminate/Encryption/EncryptionServiceProvider.php(61): Illuminate\\Encryption\\EncryptionServiceProvider->key(Array)
#3 /home/host1380688/zebra-target.ru/htdocs/www/vendor/laravel/framework/src/Illuminate/Encryption/EncryptionServiceProvider.php(33): Illuminate\\Encryption\\EncryptionServiceProvider->parseKey(Array)
#4 /home/host1380688/zebra-target.ru/htdocs/www/vendor/laravel/framework/src/Illuminate/Container/Container.php(805): Illuminate\\Encryption\\EncryptionServiceProvider->Illuminate\\Encryption\\{closure}(Object(Illuminate\\Foundation\\Application), Array)
#5 /home/host1380688/zebra-target.ru/htdocs/www/vendor/laravel/framework/src/Illuminate/Container/Container.php(691): Illuminate\\Container\\Container->build(Object(Closure))
#6 /home/host1380688/zebra-target.ru/htdocs/www/vendor/laravel/framework/src/Illuminate/Foundation/Application.php(796): Illuminate\\Container\\Container->resolve('encrypter', Array, true)
#7 /home/host1380688/zebra-target.ru/htdocs/www/vendor/laravel/framework/src/Illuminate/Container/Container.php(637): Illuminate\\Foundation\\Application->resolve('encrypter', Array)
#8 /home/host1380688/zebra-target.ru/htdocs/www/vendor/laravel/framework/src/Illuminate/Foundation/Application.php(781): Illuminate\\Container\\Container->make('encrypter', Array)
#9 /home/host1380688/zebra-target.ru/htdocs/www/vendor/laravel/framework/src/Illuminate/Container/Container.php(959): Illuminate\\Foundation\\Application->make('encrypter')
#10 /home/host1380688/zebra-target.ru/htdocs/www/vendor/laravel/framework/src/Illuminate/Container/Container.php(879): Illuminate\\Container\\Container->resolveClass(Object(ReflectionParameter))
#11 /home/host1380688/zebra-target.ru/htdocs/www/vendor/laravel/framework/src/Illuminate/Container/Container.php(840): Illuminate\\Container\\Container->resolveDependencies(Array)
#12 /home/host1380688/zebra-target.ru/htdocs/www/vendor/laravel/framework/src/Illuminate/Container/Container.php(691): Illuminate\\Container\\Container->build('App\\\\Http\\\\Middle...')
#13 /home/host1380688/zebra-target.ru/htdocs/www/vendor/laravel/framework/src/Illuminate/Foundation/Application.php(796): Illuminate\\Container\\Container->resolve('App\\\\Http\\\\Middle...', Array, true)
#14 /home/host1380688/zebra-target.ru/htdocs/www/vendor/laravel/framework/src/Illuminate/Container/Container.php(637): Illuminate\\Foundation\\Application->resolve('App\\\\Http\\\\Middle...', Array)
#15 /home/host1380688/zebra-target.ru/htdocs/www/vendor/laravel/framework/src/Illuminate/Foundation/Application.php(781): Illuminate\\Container\\Container->make('App\\\\Http\\\\Middle...', Array)
#16 /home/host1380688/zebra-target.ru/htdocs/www/vendor/laravel/framework/src/Illuminate/Pipeline/Pipeline.php(156): Illuminate\\Foundation\\Application->make('App\\\\Http\\\\Middle...')
#17 /home/host1380688/zebra-target.ru/htdocs/www/vendor/laravel/framework/src/Illuminate/Pipeline/Pipeline.php(103): Illuminate\\Pipeline\\Pipeline->Illuminate\\Pipeline\\{closure}(Object(Illuminate\\Http\\Request))
#18 /home/host1380688/zebra-target.ru/htdocs/www/vendor/laravel/framework/src/Illuminate/Routing/Router.php(687): Illuminate\\Pipeline\\Pipeline->then(Object(Closure))
#19 /home/host1380688/zebra-target.ru/htdocs/www/vendor/laravel/framework/src/Illuminate/Routing/Router.php(662): Illuminate\\Routing\\Router->runRouteWithinStack(Object(Illuminate\\Routing\\Route), Object(Illuminate\\Http\\Request))
#20 /home/host1380688/zebra-target.ru/htdocs/www/vendor/laravel/framework/src/Illuminate/Routing/Router.php(628): Illuminate\\Routing\\Router->runRoute(Object(Illuminate\\Http\\Request), Object(Illuminate\\Routing\\Route))
#21 /home/host1380688/zebra-target.ru/htdocs/www/vendor/laravel/framework/src/Illuminate/Routing/Router.php(617): Illuminate\\Routing\\Router->dispatchToRoute(Object(Illuminate\\Http\\Request))
#22 /home/host1380688/zebra-target.ru/htdocs/www/vendor/laravel/framework/src/Illuminate/Foundation/Http/Kernel.php(165): Illuminate\\Routing\\Router->dispatch(Object(Illuminate\\Http\\Request))
#23 /home/host1380688/zebra-target.ru/htdocs/www/vendor/laravel/framework/src/Illuminate/Pipeline/Pipeline.php(128): Illuminate\\Foundation\\Http\\Kernel->Illuminate\\Foundation\\Http\\{closure}(Object(Illuminate\\Http\\Request))
#24 /home/host1380688/zebra-target.ru/htdocs/www/vendor/laravel/framework/src/Illuminate/Foundation/Http/Middleware/TransformsRequest.php(21): Illuminate\\Pipeline\\Pipeline->Illuminate\\Pipeline\\{closure}(Object(Illuminate\\Http\\Request))
#25 /home/host1380688/zebra-target.ru/htdocs/www/vendor/laravel/framework/src/Illuminate/Pipeline/Pipeline.php(167): Illuminate\\Foundation\\Http\\Middleware\\TransformsRequest->handle(Object(Illuminate\\Http\\Request), Object(Closure))
#26 /home/host1380688/zebra-target.ru/htdocs/www/vendor/laravel/framework/src/Illuminate/Foundation/Http/Middleware/TransformsRequest.php(21): Illuminate\\Pipeline\\Pipeline->Illuminate\\Pipeline\\{closure}(Object(Illuminate\\Http\\Request))
#27 /home/host1380688/zebra-target.ru/htdocs/www/vendor/laravel/framework/src/Illuminate/Pipeline/Pipeline.php(167): Illuminate\\Foundation\\Http\\Middleware\\TransformsRequest->handle(Object(Illuminate\\Http\\Request), Object(Closure))
#28 /home/host1380688/zebra-target.ru/htdocs/www/vendor/laravel/framework/src/Illuminate/Foundation/Http/Middleware/ValidatePostSize.php(27): Illuminate\\Pipeline\\Pipeline->Illuminate\\Pipeline\\{closure}(Object(Illuminate\\Http\\Request))
#29 /home/host1380688/zebra-target.ru/htdocs/www/vendor/laravel/framework/src/Illuminate/Pipeline/Pipeline.php(167): Illuminate\\Foundation\\Http\\Middleware\\ValidatePostSize->handle(Object(Illuminate\\Http\\Request), Object(Closure))
#30 /home/host1380688/zebra-target.ru/htdocs/www/vendor/laravel/framework/src/Illuminate/Foundation/Http/Middleware/CheckForMaintenanceMode.php(63): Illuminate\\Pipeline\\Pipeline->Illuminate\\Pipeline\\{closure}(Object(Illuminate\\Http\\Request))
#31 /home/host1380688/zebra-target.ru/htdocs/www/vendor/laravel/framework/src/Illuminate/Pipeline/Pipeline.php(167): Illuminate\\Foundation\\Http\\Middleware\\CheckForMaintenanceMode->handle(Object(Illuminate\\Http\\Request), Object(Closure))
#32 /home/host1380688/zebra-target.ru/htdocs/www/vendor/fruitcake/laravel-cors/src/HandleCors.php(38): Illuminate\\Pipeline\\Pipeline->Illuminate\\Pipeline\\{closure}(Object(Illuminate\\Http\\Request))
#33 /home/host1380688/zebra-target.ru/htdocs/www/vendor/laravel/framework/src/Illuminate/Pipeline/Pipeline.php(167): Fruitcake\\Cors\\HandleCors->handle(Object(Illuminate\\Http\\Request), Object(Closure))
#34 /home/host1380688/zebra-target.ru/htdocs/www/vendor/fideloper/proxy/src/TrustProxies.php(57): Illuminate\\Pipeline\\Pipeline->Illuminate\\Pipeline\\{closure}(Object(Illuminate\\Http\\Request))
#35 /home/host1380688/zebra-target.ru/htdocs/www/vendor/laravel/framework/src/Illuminate/Pipeline/Pipeline.php(167): Fideloper\\Proxy\\TrustProxies->handle(Object(Illuminate\\Http\\Request), Object(Closure))
#36 /home/host1380688/zebra-target.ru/htdocs/www/vendor/laravel/framework/src/Illuminate/Pipeline/Pipeline.php(103): Illuminate\\Pipeline\\Pipeline->Illuminate\\Pipeline\\{closure}(Object(Illuminate\\Http\\Request))
#37 /home/host1380688/zebra-target.ru/htdocs/www/vendor/laravel/framework/src/Illuminate/Foundation/Http/Kernel.php(140): Illuminate\\Pipeline\\Pipeline->then(Object(Closure))
#38 /home/host1380688/zebra-target.ru/htdocs/www/vendor/laravel/framework/src/Illuminate/Foundation/Http/Kernel.php(109): Illuminate\\Foundation\\Http\\Kernel->sendRequestThroughRouter(Object(Illuminate\\Http\\Request))
#39 /home/host1380688/zebra-target.ru/htdocs/www/public/index.php(55): Illuminate\\Foundation\\Http\\Kernel->handle(Object(Illuminate\\Http\\Request))
#40 {main}
"} 
[2025-09-09 11:34:00] production.ERROR: No application encryption key has been specified. {"exception":"[object] (RuntimeException(code: 0): No application encryption key has been specified. at /home/host1380688/zebra-target.ru/htdocs/www/vendor/laravel/framework/src/Illuminate/Encryption/EncryptionServiceProvider.php:80)
[stacktrace]
#0 /home/host1380688/zebra-target.ru/htdocs/www/vendor/laravel/framework/src/Illuminate/Support/helpers.php(433): Illuminate\\Encryption\\EncryptionServiceProvider->Illuminate\\Encryption\\{closure}(NULL)
#1 /home/host1380688/zebra-target.ru/htdocs/www/vendor/laravel/framework/src/Illuminate/Encryption/EncryptionServiceProvider.php(84): tap(NULL, Object(Closure))
#2 /home/host1380688/zebra-target.ru/htdocs/www/vendor/laravel/framework/src/Illuminate/Encryption/EncryptionServiceProvider.php(61): Illuminate\\Encryption\\EncryptionServiceProvider->key(Array)
#3 /home/host1380688/zebra-target.ru/htdocs/www/vendor/laravel/framework/src/Illuminate/Encryption/EncryptionServiceProvider.php(33): Illuminate\\Encryption\\EncryptionServiceProvider->parseKey(Array)
#4 /home/host1380688/zebra-target.ru/htdocs/www/vendor/laravel/framework/src/Illuminate/Container/Container.php(805): Illuminate\\Encryption\\EncryptionServiceProvider->Illuminate\\Encryption\\{closure}(Object(Illuminate\\Foundation\\Application), Array)
#5 /home/host1380688/zebra-target.ru/htdocs/www/vendor/laravel/framework/src/Illuminate/Container/Container.php(691): Illuminate\\Container\\Container->build(Object(Closure))
#6 /home/host1380688/zebra-target.ru/htdocs/www/vendor/laravel/framework/src/Illuminate/Foundation/Application.php(796): Illuminate\\Container\\Container->resolve('encrypter', Array, true)
#7 /home/host1380688/zebra-target.ru/htdocs/www/vendor/laravel/framework/src/Illuminate/Container/Container.php(637): Illuminate\\Foundation\\Application->resolve('encrypter', Array)
#8 /home/host1380688/zebra-target.ru/htdocs/www/vendor/laravel/framework/src/Illuminate/Foundation/Application.php(781): Illuminate\\Container\\Container->make('encrypter', Array)
#9 /home/host1380688/zebra-target.ru/htdocs/www/vendor/laravel/framework/src/Illuminate/Container/Container.php(959): Illuminate\\Foundation\\Application->make('encrypter')
#10 /home/host1380688/zebra-target.ru/htdocs/www/vendor/laravel/framework/src/Illuminate/Container/Container.php(879): Illuminate\\Container\\Container->resolveClass(Object(ReflectionParameter))
#11 /home/host1380688/zebra-target.ru/htdocs/www/vendor/laravel/framework/src/Illuminate/Container/Container.php(840): Illuminate\\Container\\Container->resolveDependencies(Array)
#12 /home/host1380688/zebra-target.ru/htdocs/www/vendor/laravel/framework/src/Illuminate/Container/Container.php(691): Illuminate\\Container\\Container->build('App\\\\Http\\\\Middle...')
#13 /home/host1380688/zebra-target.ru/htdocs/www/vendor/laravel/framework/src/Illuminate/Foundation/Application.php(796): Illuminate\\Container\\Container->resolve('App\\\\Http\\\\Middle...', Array, true)
#14 /home/host1380688/zebra-target.ru/htdocs/www/vendor/laravel/framework/src/Illuminate/Container/Container.php(637): Illuminate\\Foundation\\Application->resolve('App\\\\Http\\\\Middle...', Array)
#15 /home/host1380688/zebra-target.ru/htdocs/www/vendor/laravel/framework/src/Illuminate/Foundation/Application.php(781): Illuminate\\Container\\Container->make('App\\\\Http\\\\Middle...', Array)
#16 /home/host1380688/zebra-target.ru/htdocs/www/vendor/laravel/framework/src/Illuminate/Foundation/Http/Kernel.php(204): Illuminate\\Foundation\\Application->make('App\\\\Http\\\\Middle...')
#17 /home/host1380688/zebra-target.ru/htdocs/www/vendor/laravel/framework/src/Illuminate/Foundation/Http/Kernel.php(178): Illuminate\\Foundation\\Http\\Kernel->terminateMiddleware(Object(Illuminate\\Http\\Request), Object(Illuminate\\Http\\Response))
#18 /home/host1380688/zebra-target.ru/htdocs/www/public/index.php(60): Illuminate\\Foundation\\Http\\Kernel->terminate(Object(Illuminate\\Http\\Request), Object(Illuminate\\Http\\Response))
#19 {main}
"} 
[2025-09-09 06:34:03] production.ERROR: No application encryption key has been specified. {"exception":"[object] (RuntimeException(code: 0): No application encryption key has been specified. at /home/host1380688/zebra-target.ru/htdocs/www/vendor/laravel/framework/src/Illuminate/Encryption/EncryptionServiceProvider.php:80)
[stacktrace]
#0 /home/host1380688/zebra-target.ru/htdocs/www/vendor/laravel/framework/src/Illuminate/Support/helpers.php(433): Illuminate\\Encryption\\EncryptionServiceProvider->Illuminate\\Encryption\\{closure}(NULL)
#1 /home/host1380688/zebra-target.ru/htdocs/www/vendor/laravel/framework/src/Illuminate/Encryption/EncryptionServiceProvider.php(84): tap(NULL, Object(Closure))
#2 /home/host1380688/zebra-target.ru/htdocs/www/vendor/laravel/framework/src/Illuminate/Encryption/EncryptionServiceProvider.php(61): Illuminate\\Encryption\\EncryptionServiceProvider->key(Array)
#3 /home/host1380688/zebra-target.ru/htdocs/www/vendor/laravel/framework/src/Illuminate/Encryption/EncryptionServiceProvider.php(33): Illuminate\\Encryption\\EncryptionServiceProvider->parseKey(Array)
#4 /home/host1380688/zebra-target.ru/htdocs/www/vendor/laravel/framework/src/Illuminate/Container/Container.php(805): Illuminate\\Encryption\\EncryptionServiceProvider->Illuminate\\Encryption\\{closure}(Object(Illuminate\\Foundation\\Application), Array)
#5 /home/host1380688/zebra-target.ru/htdocs/www/vendor/laravel/framework/src/Illuminate/Container/Container.php(691): Illuminate\\Container\\Container->build(Object(Closure))
#6 /home/host1380688/zebra-target.ru/htdocs/www/vendor/laravel/framework/src/Illuminate/Foundation/Application.php(796): Illuminate\\Container\\Container->resolve('encrypter', Array, true)
#7 /home/host1380688/zebra-target.ru/htdocs/www/vendor/laravel/framework/src/Illuminate/Container/Container.php(637): Illuminate\\Foundation\\Application->resolve('encrypter', Array)
#8 /home/host1380688/zebra-target.ru/htdocs/www/vendor/laravel/framework/src/Illuminate/Foundation/Application.php(781): Illuminate\\Container\\Container->make('encrypter', Array)
#9 /home/host1380688/zebra-target.ru/htdocs/www/vendor/laravel/framework/src/Illuminate/Container/Container.php(959): Illuminate\\Foundation\\Application->make('encrypter')
#10 /home/host1380688/zebra-target.ru/htdocs/www/vendor/laravel/framework/src/Illuminate/Container/Container.php(879): Illuminate\\Container\\Container->resolveClass(Object(ReflectionParameter))
#11 /home/host1380688/zebra-target.ru/htdocs/www/vendor/laravel/framework/src/Illuminate/Container/Container.php(840): Illuminate\\Container\\Container->resolveDependencies(Array)
#12 /home/host1380688/zebra-target.ru/htdocs/www/vendor/laravel/framework/src/Illuminate/Container/Container.php(691): Illuminate\\Container\\Container->build('App\\\\Http\\\\Middle...')
#13 /home/host1380688/zebra-target.ru/htdocs/www/vendor/laravel/framework/src/Illuminate/Foundation/Application.php(796): Illuminate\\Container\\Container->resolve('App\\\\Http\\\\Middle...', Array, true)
#14 /home/host1380688/zebra-target.ru/htdocs/www/vendor/laravel/framework/src/Illuminate/Container/Container.php(637): Illuminate\\Foundation\\Application->resolve('App\\\\Http\\\\Middle...', Array)
#15 /home/host1380688/zebra-target.ru/htdocs/www/vendor/laravel/framework/src/Illuminate/Foundation/Application.php(781): Illuminate\\Container\\Container->make('App\\\\Http\\\\Middle...', Array)
#16 /home/host1380688/zebra-target.ru/htdocs/www/vendor/laravel/framework/src/Illuminate/Pipeline/Pipeline.php(156): Illuminate\\Foundation\\Application->make('App\\\\Http\\\\Middle...')
#17 /home/host1380688/zebra-target.ru/htdocs/www/vendor/laravel/framework/src/Illuminate/Pipeline/Pipeline.php(103): Illuminate\\Pipeline\\Pipeline->Illuminate\\Pipeline\\{closure}(Object(Illuminate\\Http\\Request))
#18 /home/host1380688/zebra-target.ru/htdocs/www/vendor/laravel/framework/src/Illuminate/Routing/Router.php(687): Illuminate\\Pipeline\\Pipeline->then(Object(Closure))
#19 /home/host1380688/zebra-target.ru/htdocs/www/vendor/laravel/framework/src/Illuminate/Routing/Router.php(662): Illuminate\\Routing\\Router->runRouteWithinStack(Object(Illuminate\\Routing\\Route), Object(Illuminate\\Http\\Request))
#20 /home/host1380688/zebra-target.ru/htdocs/www/vendor/laravel/framework/src/Illuminate/Routing/Router.php(628): Illuminate\\Routing\\Router->runRoute(Object(Illuminate\\Http\\Request), Object(Illuminate\\Routing\\Route))
#21 /home/host1380688/zebra-target.ru/htdocs/www/vendor/laravel/framework/src/Illuminate/Routing/Router.php(617): Illuminate\\Routing\\Router->dispatchToRoute(Object(Illuminate\\Http\\Request))
#22 /home/host1380688/zebra-target.ru/htdocs/www/vendor/laravel/framework/src/Illuminate/Foundation/Http/Kernel.php(165): Illuminate\\Routing\\Router->dispatch(Object(Illuminate\\Http\\Request))
#23 /home/host1380688/zebra-target.ru/htdocs/www/vendor/laravel/framework/src/Illuminate/Pipeline/Pipeline.php(128): Illuminate\\Foundation\\Http\\Kernel->Illuminate\\Foundation\\Http\\{closure}(Object(Illuminate\\Http\\Request))
#24 /home/host1380688/zebra-target.ru/htdocs/www/vendor/laravel/framework/src/Illuminate/Foundation/Http/Middleware/TransformsRequest.php(21): Illuminate\\Pipeline\\Pipeline->Illuminate\\Pipeline\\{closure}(Object(Illuminate\\Http\\Request))
#25 /home/host1380688/zebra-target.ru/htdocs/www/vendor/laravel/framework/src/Illuminate/Pipeline/Pipeline.php(167): Illuminate\\Foundation\\Http\\Middleware\\TransformsRequest->handle(Object(Illuminate\\Http\\Request), Object(Closure))
#26 /home/host1380688/zebra-target.ru/htdocs/www/vendor/laravel/framework/src/Illuminate/Foundation/Http/Middleware/TransformsRequest.php(21): Illuminate\\Pipeline\\Pipeline->Illuminate\\Pipeline\\{closure}(Object(Illuminate\\Http\\Request))
#27 /home/host1380688/zebra-target.ru/htdocs/www/vendor/laravel/framework/src/Illuminate/Pipeline/Pipeline.php(167): Illuminate\\Foundation\\Http\\Middleware\\TransformsRequest->handle(Object(Illuminate\\Http\\Request), Object(Closure))
#28 /home/host1380688/zebra-target.ru/htdocs/www/vendor/laravel/framework/src/Illuminate/Foundation/Http/Middleware/ValidatePostSize.php(27): Illuminate\\Pipeline\\Pipeline->Illuminate\\Pipeline\\{closure}(Object(Illuminate\\Http\\Request))
#29 /home/host1380688/zebra-target.ru/htdocs/www/vendor/laravel/framework/src/Illuminate/Pipeline/Pipeline.php(167): Illuminate\\Foundation\\Http\\Middleware\\ValidatePostSize->handle(Object(Illuminate\\Http\\Request), Object(Closure))
#30 /home/host1380688/zebra-target.ru/htdocs/www/vendor/laravel/framework/src/Illuminate/Foundation/Http/Middleware/CheckForMaintenanceMode.php(63): Illuminate\\Pipeline\\Pipeline->Illuminate\\Pipeline\\{closure}(Object(Illuminate\\Http\\Request))
#31 /home/host1380688/zebra-target.ru/htdocs/www/vendor/laravel/framework/src/Illuminate/Pipeline/Pipeline.php(167): Illuminate\\Foundation\\Http\\Middleware\\CheckForMaintenanceMode->handle(Object(Illuminate\\Http\\Request), Object(Closure))
#32 /home/host1380688/zebra-target.ru/htdocs/www/vendor/fruitcake/laravel-cors/src/HandleCors.php(38): Illuminate\\Pipeline\\Pipeline->Illuminate\\Pipeline\\{closure}(Object(Illuminate\\Http\\Request))
#33 /home/host1380688/zebra-target.ru/htdocs/www/vendor/laravel/framework/src/Illuminate/Pipeline/Pipeline.php(167): Fruitcake\\Cors\\HandleCors->handle(Object(Illuminate\\Http\\Request), Object(Closure))
#34 /home/host1380688/zebra-target.ru/htdocs/www/vendor/fideloper/proxy/src/TrustProxies.php(57): Illuminate\\Pipeline\\Pipeline->Illuminate\\Pipeline\\{closure}(Object(Illuminate\\Http\\Request))
#35 /home/host1380688/zebra-target.ru/htdocs/www/vendor/laravel/framework/src/Illuminate/Pipeline/Pipeline.php(167): Fideloper\\Proxy\\TrustProxies->handle(Object(Illuminate\\Http\\Request), Object(Closure))
#36 /home/host1380688/zebra-target.ru/htdocs/www/vendor/laravel/framework/src/Illuminate/Pipeline/Pipeline.php(103): Illuminate\\Pipeline\\Pipeline->Illuminate\\Pipeline\\{closure}(Object(Illuminate\\Http\\Request))
#37 /home/host1380688/zebra-target.ru/htdocs/www/vendor/laravel/framework/src/Illuminate/Foundation/Http/Kernel.php(140): Illuminate\\Pipeline\\Pipeline->then(Object(Closure))
#38 /home/host1380688/zebra-target.ru/htdocs/www/vendor/laravel/framework/src/Illuminate/Foundation/Http/Kernel.php(109): Illuminate\\Foundation\\Http\\Kernel->sendRequestThroughRouter(Object(Illuminate\\Http\\Request))
#39 /home/host1380688/zebra-target.ru/htdocs/www/public/index.php(55): Illuminate\\Foundation\\Http\\Kernel->handle(Object(Illuminate\\Http\\Request))
#40 {main}
"} 
[2025-09-09 06:34:03] production.ERROR: No application encryption key has been specified. {"exception":"[object] (RuntimeException(code: 0): No application encryption key has been specified. at /home/host1380688/zebra-target.ru/htdocs/www/vendor/laravel/framework/src/Illuminate/Encryption/EncryptionServiceProvider.php:80)
[stacktrace]
#0 /home/host1380688/zebra-target.ru/htdocs/www/vendor/laravel/framework/src/Illuminate/Support/helpers.php(433): Illuminate\\Encryption\\EncryptionServiceProvider->Illuminate\\Encryption\\{closure}(NULL)
#1 /home/host1380688/zebra-target.ru/htdocs/www/vendor/laravel/framework/src/Illuminate/Encryption/EncryptionServiceProvider.php(84): tap(NULL, Object(Closure))
#2 /home/host1380688/zebra-target.ru/htdocs/www/vendor/laravel/framework/src/Illuminate/Encryption/EncryptionServiceProvider.php(61): Illuminate\\Encryption\\EncryptionServiceProvider->key(Array)
#3 /home/host1380688/zebra-target.ru/htdocs/www/vendor/laravel/framework/src/Illuminate/Encryption/EncryptionServiceProvider.php(33): Illuminate\\Encryption\\EncryptionServiceProvider->parseKey(Array)
#4 /home/host1380688/zebra-target.ru/htdocs/www/vendor/laravel/framework/src/Illuminate/Container/Container.php(805): Illuminate\\Encryption\\EncryptionServiceProvider->Illuminate\\Encryption\\{closure}(Object(Illuminate\\Foundation\\Application), Array)
#5 /home/host1380688/zebra-target.ru/htdocs/www/vendor/laravel/framework/src/Illuminate/Container/Container.php(691): Illuminate\\Container\\Container->build(Object(Closure))
#6 /home/host1380688/zebra-target.ru/htdocs/www/vendor/laravel/framework/src/Illuminate/Foundation/Application.php(796): Illuminate\\Container\\Container->resolve('encrypter', Array, true)
#7 /home/host1380688/zebra-target.ru/htdocs/www/vendor/laravel/framework/src/Illuminate/Container/Container.php(637): Illuminate\\Foundation\\Application->resolve('encrypter', Array)
#8 /home/host1380688/zebra-target.ru/htdocs/www/vendor/laravel/framework/src/Illuminate/Foundation/Application.php(781): Illuminate\\Container\\Container->make('encrypter', Array)
#9 /home/host1380688/zebra-target.ru/htdocs/www/vendor/laravel/framework/src/Illuminate/Container/Container.php(959): Illuminate\\Foundation\\Application->make('encrypter')
#10 /home/host1380688/zebra-target.ru/htdocs/www/vendor/laravel/framework/src/Illuminate/Container/Container.php(879): Illuminate\\Container\\Container->resolveClass(Object(ReflectionParameter))
#11 /home/host1380688/zebra-target.ru/htdocs/www/vendor/laravel/framework/src/Illuminate/Container/Container.php(840): Illuminate\\Container\\Container->resolveDependencies(Array)
#12 /home/host1380688/zebra-target.ru/htdocs/www/vendor/laravel/framework/src/Illuminate/Container/Container.php(691): Illuminate\\Container\\Container->build('App\\\\Http\\\\Middle...')
#13 /home/host1380688/zebra-target.ru/htdocs/www/vendor/laravel/framework/src/Illuminate/Foundation/Application.php(796): Illuminate\\Container\\Container->resolve('App\\\\Http\\\\Middle...', Array, true)
#14 /home/host1380688/zebra-target.ru/htdocs/www/vendor/laravel/framework/src/Illuminate/Container/Container.php(637): Illuminate\\Foundation\\Application->resolve('App\\\\Http\\\\Middle...', Array)
#15 /home/host1380688/zebra-target.ru/htdocs/www/vendor/laravel/framework/src/Illuminate/Foundation/Application.php(781): Illuminate\\Container\\Container->make('App\\\\Http\\\\Middle...', Array)
#16 /home/host1380688/zebra-target.ru/htdocs/www/vendor/laravel/framework/src/Illuminate/Foundation/Http/Kernel.php(204): Illuminate\\Foundation\\Application->make('App\\\\Http\\\\Middle...')
#17 /home/host1380688/zebra-target.ru/htdocs/www/vendor/laravel/framework/src/Illuminate/Foundation/Http/Kernel.php(178): Illuminate\\Foundation\\Http\\Kernel->terminateMiddleware(Object(Illuminate\\Http\\Request), Object(Illuminate\\Http\\Response))
#18 /home/host1380688/zebra-target.ru/htdocs/www/public/index.php(60): Illuminate\\Foundation\\Http\\Kernel->terminate(Object(Illuminate\\Http\\Request), Object(Illuminate\\Http\\Response))
#19 {main}
"} 
[2025-09-09 06:34:03] production.ERROR: No application encryption key has been specified. {"exception":"[object] (RuntimeException(code: 0): No application encryption key has been specified. at /home/host1380688/zebra-target.ru/htdocs/www/vendor/laravel/framework/src/Illuminate/Encryption/EncryptionServiceProvider.php:80)
[stacktrace]
#0 /home/host1380688/zebra-target.ru/htdocs/www/vendor/laravel/framework/src/Illuminate/Support/helpers.php(433): Illuminate\\Encryption\\EncryptionServiceProvider->Illuminate\\Encryption\\{closure}(NULL)
#1 /home/host1380688/zebra-target.ru/htdocs/www/vendor/laravel/framework/src/Illuminate/Encryption/EncryptionServiceProvider.php(84): tap(NULL, Object(Closure))
#2 /home/host1380688/zebra-target.ru/htdocs/www/vendor/laravel/framework/src/Illuminate/Encryption/EncryptionServiceProvider.php(61): Illuminate\\Encryption\\EncryptionServiceProvider->key(Array)
#3 /home/host1380688/zebra-target.ru/htdocs/www/vendor/laravel/framework/src/Illuminate/Encryption/EncryptionServiceProvider.php(33): Illuminate\\Encryption\\EncryptionServiceProvider->parseKey(Array)
#4 /home/host1380688/zebra-target.ru/htdocs/www/vendor/laravel/framework/src/Illuminate/Container/Container.php(805): Illuminate\\Encryption\\EncryptionServiceProvider->Illuminate\\Encryption\\{closure}(Object(Illuminate\\Foundation\\Application), Array)
#5 /home/host1380688/zebra-target.ru/htdocs/www/vendor/laravel/framework/src/Illuminate/Container/Container.php(691): Illuminate\\Container\\Container->build(Object(Closure))
#6 /home/host1380688/zebra-target.ru/htdocs/www/vendor/laravel/framework/src/Illuminate/Foundation/Application.php(796): Illuminate\\Container\\Container->resolve('encrypter', Array, true)
#7 /home/host1380688/zebra-target.ru/htdocs/www/vendor/laravel/framework/src/Illuminate/Container/Container.php(637): Illuminate\\Foundation\\Application->resolve('encrypter', Array)
#8 /home/host1380688/zebra-target.ru/htdocs/www/vendor/laravel/framework/src/Illuminate/Foundation/Application.php(781): Illuminate\\Container\\Container->make('encrypter', Array)
#9 /home/host1380688/zebra-target.ru/htdocs/www/vendor/laravel/framework/src/Illuminate/Container/Container.php(959): Illuminate\\Foundation\\Application->make('encrypter')
#10 /home/host1380688/zebra-target.ru/htdocs/www/vendor/laravel/framework/src/Illuminate/Container/Container.php(879): Illuminate\\Container\\Container->resolveClass(Object(ReflectionParameter))
#11 /home/host1380688/zebra-target.ru/htdocs/www/vendor/laravel/framework/src/Illuminate/Container/Container.php(840): Illuminate\\Container\\Container->resolveDependencies(Array)
#12 /home/host1380688/zebra-target.ru/htdocs/www/vendor/laravel/framework/src/Illuminate/Container/Container.php(691): Illuminate\\Container\\Container->build('App\\\\Http\\\\Middle...')
#13 /home/host1380688/zebra-target.ru/htdocs/www/vendor/laravel/framework/src/Illuminate/Foundation/Application.php(796): Illuminate\\Container\\Container->resolve('App\\\\Http\\\\Middle...', Array, true)
#14 /home/host1380688/zebra-target.ru/htdocs/www/vendor/laravel/framework/src/Illuminate/Container/Container.php(637): Illuminate\\Foundation\\Application->resolve('App\\\\Http\\\\Middle...', Array)
#15 /home/host1380688/zebra-target.ru/htdocs/www/vendor/laravel/framework/src/Illuminate/Foundation/Application.php(781): Illuminate\\Container\\Container->make('App\\\\Http\\\\Middle...', Array)
#16 /home/host1380688/zebra-target.ru/htdocs/www/vendor/laravel/framework/src/Illuminate/Pipeline/Pipeline.php(156): Illuminate\\Foundation\\Application->make('App\\\\Http\\\\Middle...')
#17 /home/host1380688/zebra-target.ru/htdocs/www/vendor/laravel/framework/src/Illuminate/Pipeline/Pipeline.php(103): Illuminate\\Pipeline\\Pipeline->Illuminate\\Pipeline\\{closure}(Object(Illuminate\\Http\\Request))
#18 /home/host1380688/zebra-target.ru/htdocs/www/vendor/laravel/framework/src/Illuminate/Routing/Router.php(687): Illuminate\\Pipeline\\Pipeline->then(Object(Closure))
#19 /home/host1380688/zebra-target.ru/htdocs/www/vendor/laravel/framework/src/Illuminate/Routing/Router.php(662): Illuminate\\Routing\\Router->runRouteWithinStack(Object(Illuminate\\Routing\\Route), Object(Illuminate\\Http\\Request))
#20 /home/host1380688/zebra-target.ru/htdocs/www/vendor/laravel/framework/src/Illuminate/Routing/Router.php(628): Illuminate\\Routing\\Router->runRoute(Object(Illuminate\\Http\\Request), Object(Illuminate\\Routing\\Route))
#21 /home/host1380688/zebra-target.ru/htdocs/www/vendor/laravel/framework/src/Illuminate/Routing/Router.php(617): Illuminate\\Routing\\Router->dispatchToRoute(Object(Illuminate\\Http\\Request))
#22 /home/host1380688/zebra-target.ru/htdocs/www/vendor/laravel/framework/src/Illuminate/Foundation/Http/Kernel.php(165): Illuminate\\Routing\\Router->dispatch(Object(Illuminate\\Http\\Request))
#23 /home/host1380688/zebra-target.ru/htdocs/www/vendor/laravel/framework/src/Illuminate/Pipeline/Pipeline.php(128): Illuminate\\Foundation\\Http\\Kernel->Illuminate\\Foundation\\Http\\{closure}(Object(Illuminate\\Http\\Request))
#24 /home/host1380688/zebra-target.ru/htdocs/www/vendor/laravel/framework/src/Illuminate/Foundation/Http/Middleware/TransformsRequest.php(21): Illuminate\\Pipeline\\Pipeline->Illuminate\\Pipeline\\{closure}(Object(Illuminate\\Http\\Request))
#25 /home/host1380688/zebra-target.ru/htdocs/www/vendor/laravel/framework/src/Illuminate/Pipeline/Pipeline.php(167): Illuminate\\Foundation\\Http\\Middleware\\TransformsRequest->handle(Object(Illuminate\\Http\\Request), Object(Closure))
#26 /home/host1380688/zebra-target.ru/htdocs/www/vendor/laravel/framework/src/Illuminate/Foundation/Http/Middleware/TransformsRequest.php(21): Illuminate\\Pipeline\\Pipeline->Illuminate\\Pipeline\\{closure}(Object(Illuminate\\Http\\Request))
#27 /home/host1380688/zebra-target.ru/htdocs/www/vendor/laravel/framework/src/Illuminate/Pipeline/Pipeline.php(167): Illuminate\\Foundation\\Http\\Middleware\\TransformsRequest->handle(Object(Illuminate\\Http\\Request), Object(Closure))
#28 /home/host1380688/zebra-target.ru/htdocs/www/vendor/laravel/framework/src/Illuminate/Foundation/Http/Middleware/ValidatePostSize.php(27): Illuminate\\Pipeline\\Pipeline->Illuminate\\Pipeline\\{closure}(Object(Illuminate\\Http\\Request))
#29 /home/host1380688/zebra-target.ru/htdocs/www/vendor/laravel/framework/src/Illuminate/Pipeline/Pipeline.php(167): Illuminate\\Foundation\\Http\\Middleware\\ValidatePostSize->handle(Object(Illuminate\\Http\\Request), Object(Closure))
#30 /home/host1380688/zebra-target.ru/htdocs/www/vendor/laravel/framework/src/Illuminate/Foundation/Http/Middleware/CheckForMaintenanceMode.php(63): Illuminate\\Pipeline\\Pipeline->Illuminate\\Pipeline\\{closure}(Object(Illuminate\\Http\\Request))
#31 /home/host1380688/zebra-target.ru/htdocs/www/vendor/laravel/framework/src/Illuminate/Pipeline/Pipeline.php(167): Illuminate\\Foundation\\Http\\Middleware\\CheckForMaintenanceMode->handle(Object(Illuminate\\Http\\Request), Object(Closure))
#32 /home/host1380688/zebra-target.ru/htdocs/www/vendor/fruitcake/laravel-cors/src/HandleCors.php(38): Illuminate\\Pipeline\\Pipeline->Illuminate\\Pipeline\\{closure}(Object(Illuminate\\Http\\Request))
#33 /home/host1380688/zebra-target.ru/htdocs/www/vendor/laravel/framework/src/Illuminate/Pipeline/Pipeline.php(167): Fruitcake\\Cors\\HandleCors->handle(Object(Illuminate\\Http\\Request), Object(Closure))
#34 /home/host1380688/zebra-target.ru/htdocs/www/vendor/fideloper/proxy/src/TrustProxies.php(57): Illuminate\\Pipeline\\Pipeline->Illuminate\\Pipeline\\{closure}(Object(Illuminate\\Http\\Request))
#35 /home/host1380688/zebra-target.ru/htdocs/www/vendor/laravel/framework/src/Illuminate/Pipeline/Pipeline.php(167): Fideloper\\Proxy\\TrustProxies->handle(Object(Illuminate\\Http\\Request), Object(Closure))
#36 /home/host1380688/zebra-target.ru/htdocs/www/vendor/laravel/framework/src/Illuminate/Pipeline/Pipeline.php(103): Illuminate\\Pipeline\\Pipeline->Illuminate\\Pipeline\\{closure}(Object(Illuminate\\Http\\Request))
#37 /home/host1380688/zebra-target.ru/htdocs/www/vendor/laravel/framework/src/Illuminate/Foundation/Http/Kernel.php(140): Illuminate\\Pipeline\\Pipeline->then(Object(Closure))
#38 /home/host1380688/zebra-target.ru/htdocs/www/vendor/laravel/framework/src/Illuminate/Foundation/Http/Kernel.php(109): Illuminate\\Foundation\\Http\\Kernel->sendRequestThroughRouter(Object(Illuminate\\Http\\Request))
#39 /home/host1380688/zebra-target.ru/htdocs/www/public/index.php(55): Illuminate\\Foundation\\Http\\Kernel->handle(Object(Illuminate\\Http\\Request))
#40 {main}
"} 
[2025-09-09 06:34:03] production.ERROR: No application encryption key has been specified. {"exception":"[object] (RuntimeException(code: 0): No application encryption key has been specified. at /home/host1380688/zebra-target.ru/htdocs/www/vendor/laravel/framework/src/Illuminate/Encryption/EncryptionServiceProvider.php:80)
[stacktrace]
#0 /home/host1380688/zebra-target.ru/htdocs/www/vendor/laravel/framework/src/Illuminate/Support/helpers.php(433): Illuminate\\Encryption\\EncryptionServiceProvider->Illuminate\\Encryption\\{closure}(NULL)
#1 /home/host1380688/zebra-target.ru/htdocs/www/vendor/laravel/framework/src/Illuminate/Encryption/EncryptionServiceProvider.php(84): tap(NULL, Object(Closure))
#2 /home/host1380688/zebra-target.ru/htdocs/www/vendor/laravel/framework/src/Illuminate/Encryption/EncryptionServiceProvider.php(61): Illuminate\\Encryption\\EncryptionServiceProvider->key(Array)
#3 /home/host1380688/zebra-target.ru/htdocs/www/vendor/laravel/framework/src/Illuminate/Encryption/EncryptionServiceProvider.php(33): Illuminate\\Encryption\\EncryptionServiceProvider->parseKey(Array)
#4 /home/host1380688/zebra-target.ru/htdocs/www/vendor/laravel/framework/src/Illuminate/Container/Container.php(805): Illuminate\\Encryption\\EncryptionServiceProvider->Illuminate\\Encryption\\{closure}(Object(Illuminate\\Foundation\\Application), Array)
#5 /home/host1380688/zebra-target.ru/htdocs/www/vendor/laravel/framework/src/Illuminate/Container/Container.php(691): Illuminate\\Container\\Container->build(Object(Closure))
#6 /home/host1380688/zebra-target.ru/htdocs/www/vendor/laravel/framework/src/Illuminate/Foundation/Application.php(796): Illuminate\\Container\\Container->resolve('encrypter', Array, true)
#7 /home/host1380688/zebra-target.ru/htdocs/www/vendor/laravel/framework/src/Illuminate/Container/Container.php(637): Illuminate\\Foundation\\Application->resolve('encrypter', Array)
#8 /home/host1380688/zebra-target.ru/htdocs/www/vendor/laravel/framework/src/Illuminate/Foundation/Application.php(781): Illuminate\\Container\\Container->make('encrypter', Array)
#9 /home/host1380688/zebra-target.ru/htdocs/www/vendor/laravel/framework/src/Illuminate/Container/Container.php(959): Illuminate\\Foundation\\Application->make('encrypter')
#10 /home/host1380688/zebra-target.ru/htdocs/www/vendor/laravel/framework/src/Illuminate/Container/Container.php(879): Illuminate\\Container\\Container->resolveClass(Object(ReflectionParameter))
#11 /home/host1380688/zebra-target.ru/htdocs/www/vendor/laravel/framework/src/Illuminate/Container/Container.php(840): Illuminate\\Container\\Container->resolveDependencies(Array)
#12 /home/host1380688/zebra-target.ru/htdocs/www/vendor/laravel/framework/src/Illuminate/Container/Container.php(691): Illuminate\\Container\\Container->build('App\\\\Http\\\\Middle...')
#13 /home/host1380688/zebra-target.ru/htdocs/www/vendor/laravel/framework/src/Illuminate/Foundation/Application.php(796): Illuminate\\Container\\Container->resolve('App\\\\Http\\\\Middle...', Array, true)
#14 /home/host1380688/zebra-target.ru/htdocs/www/vendor/laravel/framework/src/Illuminate/Container/Container.php(637): Illuminate\\Foundation\\Application->resolve('App\\\\Http\\\\Middle...', Array)
#15 /home/host1380688/zebra-target.ru/htdocs/www/vendor/laravel/framework/src/Illuminate/Foundation/Application.php(781): Illuminate\\Container\\Container->make('App\\\\Http\\\\Middle...', Array)
#16 /home/host1380688/zebra-target.ru/htdocs/www/vendor/laravel/framework/src/Illuminate/Foundation/Http/Kernel.php(204): Illuminate\\Foundation\\Application->make('App\\\\Http\\\\Middle...')
#17 /home/host1380688/zebra-target.ru/htdocs/www/vendor/laravel/framework/src/Illuminate/Foundation/Http/Kernel.php(178): Illuminate\\Foundation\\Http\\Kernel->terminateMiddleware(Object(Illuminate\\Http\\Request), Object(Illuminate\\Http\\Response))
#18 /home/host1380688/zebra-target.ru/htdocs/www/public/index.php(60): Illuminate\\Foundation\\Http\\Kernel->terminate(Object(Illuminate\\Http\\Request), Object(Illuminate\\Http\\Response))
#19 {main}
"} 
